<html>
<body>
<pre>
<h1>µVision Build Log</h1>
<h2>Tool Versions:</h2>
IDE-Version: ¦ÌVision V5.22.0.0
Copyright (C) 2016 ARM Ltd and ARM Germany GmbH. All rights reserved.
License Information: trunk Microsoft, Microsoft, LIC=V8574-FWVX3-EZQWX-HL2X5-N20WF-30LIL
 
Tool Versions:
Toolchain:       MDK-ARM Professional  Version: 5.22
Toolchain Path:  C:\Keil_v5\ARM\ARMCC\Bin
C Compiler:      Armcc.exe V5.06 update 4 (build 422)
Assembler:       Armasm.exe V5.06 update 4 (build 422)
Linker/Locator:  ArmLink.exe V5.06 update 4 (build 422)
Library Manager: ArmAr.exe V5.06 update 4 (build 422)
Hex Converter:   FromElf.exe V5.06 update 4 (build 422)
CPU DLL:         SARMCM3.DLL V5.22
Dialog DLL:      DARMSTM.DLL V1.67.0.0
Target DLL:      Segger\JL2CM3.dll V2.99.23.0
Dialog DLL:      TARMSTM.DLL V1.66.0.0
 
<h2>Project:</h2>
H:\00-github\EmbedCodeSTM32\20180823_00\M_Project_usart\M_Project\STM32_Project\project.uvproj
Project File Date:  08/23/2018

<h2>Output:</h2>
*** Using Compiler 'V5.06 update 4 (build 422)', folder: 'C:\Keil_v5\ARM\ARMCC\Bin'
Rebuild target 'project'
assembling startup_stm32f10x_md.s...
compiling misc.c...
compiling core_cm3.c...
compiling stm32f10x_gpio.c...
compiling stm32f10x_rcc.c...
compiling system_stm32f10x.c...
compiling stm32f10x_usart.c...
compiling stm32f10x_it.c...
compiling main.c...
compiling u_sys.c...
compiling led.c...
compiling u_uart.c...
linking...
Program Size: Code=5144 RO-data=268 RW-data=44 ZI-data=1732  
FromELF: creating hex file...
".\Obj\project.axf" - 0 Error(s), 0 Warning(s).
Build Time Elapsed:  00:00:01
</pre>
</body>
</html>
